1

- 
  1
- 
  2
- 
  3
- 
  a
- 
  null

Pairs:
Key:  foo
Value:  1

Pairs:
Key:  foo
Value:  hello
Key:  bar
Value:  world!
Key:  text
Value:  hello world!


